C_REQUEST_SERVER_ADMINTOOL_AWESOMIUM_URL 35801
C_ADD_INTER_PARTY_MATCH_POOL 24606
S_GUILD_POINT_INFO_CHANGED 50754
S_CANT_FLY_ANYMORE 30869
S_PREPARE_SELECT_CHANNEL 51737
S_GUILD_INFO 59571
S_GUILD_LEVEL_INFO_CHANGED 63851
S_GUILD_LEVEL_RANKING_LIST 57248
S_GUILD_MEMBER_LIST 58625
S_GUILD_MONEY_INFO_CHANGED 58587
S_GUILD_NAME 63297
S_GUILD_PERK_LIST 59900
S_GUILD_POINT_INFO_CHANGED 50754
S_GUILD_STORE_BASKET 55224
S_GUILD_STORE_SELL_LIST 44159
S_GUILD_TOWER_INFO 27774
S_GUILD_WARE_HISTORY 39344
S_GUILD_WAR_PENALTY_INFO 22503
S_CHANGE_EVENT_MATCHING_STATE 34732
S_FIELD_EVENT_ON_ENTER 31521
S_AVAILABLE_EVENT_MATCHING_LIST 33037
C_RETURN_TO_LOBBY 23257
S_COMPLETE_EVENT_MATCHING_QUEST 33216
S_FIELD_EVENT_PROGRESS_INFO 22827
S_UPDATE_GUILD_QUEST_STATUS 37029
C_REQUEST_FINISH_GUILD_QUEST 29835
C_REQUEST_START_GUILD_QUEST 46563
S_FIELD_POINT_INFO 58400
S_NOTIFY_GUILD_QUEST_URGENT 37051
C_GET_GUILD_QUEST_WEEKLY_REWARD 61971
C_REQUEST_GUILD_INFO 23377
C_COMPLETE_DAILY_EVENT 34732
C_COMPLETE_EXTRA_EVENT 56359
C_REQUEST_FIELD_POINT_REWARD 29529
C_REQUEST_ONGOING_FIELD_EVENT_LIST 63719
C_REQUEST_RECV_DAILY_TOKEN 36659
S_CANCEL_SELECT_CHANNEL 58773
C_GET_WARE_ITEM 58579
C_GET_GUILD_QUEST_WEEKLY_REWARD 23724
C_REQUEST_GUILD_INFO 23377
S_GUILD_QUEST_LIST 44336
S_REQUEST_GUILD_CHANGE_RANK 27712
C_PUT_CARD_EVO 56864
S_PUT_CARD_EVO 56551
S_RESULT_ENCHANT 27224
S_TRADE_BROKER_REGISTERED_ITEM_LIST 26340
C_REQUEST_EVENT_MATCHING_TELEPORT 49982
C_SELECT_CHANNEL 61163
S_PREPARE_SELECT_CHANNEL 33712
S_CANCEL_SELECT_CHANNEL 31381
S_PVP_LEADER_BOARD_INFO 45118
S_PVE_LEADER_BOARD_INFO 35531
C_DUNGEON_CLEAR_COUNT_LIST 34435
S_REGISTER_CARD 61161
CU_START_FUSION 55118
CU_CLEAR_CARDS_MENU 34365
CU_ADD_CARD_TO_FUSION_MENU 56864
C_SET_TARGET_INFO 63612

S_CARD_DATA 36253
C_CHANGE_CARD_EFFECT_UNCHECK 58294
C_CHANGE_CARD_EFFECT_CHECK 35029
S_CHANGE_CARD_EFFECT_UNCHECK 48550
S_CHANGE_CARD_EFFECT_CHECK 28226
S_CHANGE_CARD_PRESET 29768
C_CHANGE_CARD_PRESET 34365
